// Jest Snapshot v1, https://goo.gl/fbAQLP

exports[`<Form /> should match the snapshot 1`] = `
<DocumentFragment>
  <form
    action="#"
  >
    <button
      type="submit"
    >
      Submit
    </button>
  </form>
</DocumentFragment>
`;
