// Jest Snapshot v1, https://goo.gl/fbAQLP

exports[`chiaroscuro Theme should match the snapshot 1`] = `
Object {
  "background": "bg-chiaroscuro-background dark:bg-chiaroscuro-background-dark",
  "header": "@headerBase text-chiaroscuro-text-strong dark:text-chiaroscuro-text-strong-dark",
  "headerBase": "font-serif",
  "headerDanger": "@headerBase text-chiaroscuro-text-danger-hover dark:text-chiaroscuro-text-danger-hover-dark",
  "hr": "border-chiaroscuro-text-strong dark:border-chiaroscuro-text-strong-dark after:border-chiaroscuro-text-strong after:dark:border-chiaroscuro-text-strong-dark",
  "hrMuted": "border-chiaroscuro-text-muted after:border-chiaroscuro-text-muted",
  "link": "@linkBase text-chiaroscuro-link hover:text-chiaroscuro-link-hover dark:hover:text-chiaroscuro-link-hover-dark",
  "linkBase": "hover:underline",
  "linkDanger": "@linkBase text-chiaroscuro-text-danger hover:text-chiaroscuro-text-danger-hover dark:text-chiaroscuro-text-danger-dark dark:hover:text-chiaroscuro-text-danger-hover-dark",
  "name": "Chiaroscuro",
  "subtitle": "@headerBase text-2xl",
  "text": "@textBase text-chiaroscuro-text dark:text-chiaroscuro-text-dark",
  "textAccent": "@textBase",
  "textBase": "font-sans",
  "textDanger": "@textBase text-chiaroscuro-text-danger dark:text-chiaroscuro-text-danger-dark",
  "textHeading": "@textBase",
  "textMuted": "@textBase text-chiaroscuro-text-muted",
  "textStrong": "@textBase",
  "title": "@headerBase text-5xl",
}
`;
